
===============================================================
2026-09-16 12:04  |  target=risk-runway.com  |  60 terms
---------------------------------------------------------------
risk runway automation                                p1 (#5) https://risk-runway.com/
reduce E&O exposure data entry                        p1 (#7) https://risk-runway.com/blog/reduce-eo-exposure-ams-data-entry/
reduce E&O from manual AMS data entry                 p1 (#1) https://risk-runway.com/blog/reduce-eo-exposure-ams-data-entry/
===============================================================

===============================================================
2026-09-22 11:15  |  target=risk-runway.com  |  60 terms
---------------------------------------------------------------
risk-runway                                           p1 (#1) https://risk-runway.com/
risk runway                                           p1 (#9) https://risk-runway.com/
riskrunway                                            p1 (#4) https://risk-runway.com/
risk-runway surplus lines                             p1 (#1) https://risk-runway.com/
surplus lines automation                              p1 (#10) https://risk-runway.com/blog/what-is-surplus-lines-automation/
push data to AMS without rekeying                     p1 (#7) https://risk-runway.com/features/ams-data-transfer/
reduce E&O exposure data entry                        p1 (#5) https://risk-runway.com/blog/reduce-eo-exposure-ams-data-entry/
what is surplus lines automation                      p1 (#7) https://risk-runway.com/blog/what-is-surplus-lines-automation/
stop rekeying quotes into AMS                         p1 (#1) https://risk-runway.com/
reduce E&O from manual AMS data entry                 p1 (#10) https://risk-runway.com/blog/reduce-eo-exposure-ams-data-entry/
===============================================================

===============================================================
2026-09-28 11:20  |  target=risk-runway.com  |  60 terms
---------------------------------------------------------------
risk-runway                                           p1 (#4) https://risk-runway.com/
risk runway                                           p1 (#7) https://risk-runway.com/
risk-runway surplus lines                             p1 (#1) https://risk-runway.com/
surplus lines automation                              p1 (#6) https://risk-runway.com/blog/submission-to-bind-workflow/
push data to AMS without rekeying                     p1 (#9) https://risk-runway.com/blog/reduce-eo-exposure-ams-data-entry/
insurance data entry E&O                              p1 (#10) https://risk-runway.com/blog/reduce-eo-exposure-ams-data-entry/
reduce E&O exposure data entry                        p1 (#5) https://risk-runway.com/blog/reduce-eo-exposure-ams-data-entry/
what is surplus lines automation                      p1 (#2) https://risk-runway.com/blog/what-is-surplus-lines-automation/
automate surplus lines submission to bind             p1 (#7) https://risk-runway.com/blog/submission-to-bind-workflow/
===============================================================
